---
source: crates/codegen/tests/evm.rs
expression: "String::from_utf8(v).unwrap()"
input_file: test_files/evm/const_loop.sntn
---
// func public %const_loop() -> i8
const_loop:
  block1:
    JUMPDEST
    PUSH1 0x1 (1)  // jump block2;
  block2:
    JUMPDEST
    PUSH1 0xa (10)  // v2.i8 = add v1 10.i8;
    DUP2
    ADD
    SWAP1  // v3.i1 = gt v2 v1;
    DUP2
    GT
    PUSH1 block3  // br v3 block3 block4;
    JUMPI
    PUSH1 block4
    JUMP
  block3:
    JUMPDEST
    SWAP1  // return v2;
    JUMP
  block4:
    JUMPDEST
    PUSH1 block2  // jump block2;
    JUMP



---------------

// func public %const_loop() -> i8
const_loop:
  block1:
    0    JUMPDEST
    1    PUSH1 0x1 (1)  // jump block2;
  block2:
    3    JUMPDEST
    4    PUSH1 0xa (10)  // v2.i8 = add v1 10.i8;
    6    DUP2
    7    ADD
    8    SWAP1  // v3.i1 = gt v2 v1;
    9    DUP2
   10    GT
   11    PUSH1 17 (block3)  // br v3 block3 block4;
   13    JUMPI
   14    PUSH1 20 (block4)
   16    JUMP
  block3:
   17    JUMPDEST
   18    SWAP1  // return v2;
   19    JUMP
  block4:
   20    JUMPDEST
   21    PUSH1 3 (block2)  // jump block2;
   23    JUMP


0x5b60015b600a81019081116011576014565b90565b600356
